id name Bitchess
id author Cipriano Dorbessan
uciok
readyok
readyok
bestmove g1f3
readyok
bestmove e2e4
readyok
bestmove d2d4
readyok
bestmove c2c3
readyok
bestmove e4e5
readyok
bestmove f1e2
readyok
bestmove e1g1
readyok
bestmove d4c5
readyok
bestmove c1e3
readyok
bestmove c3c4
readyok
bestmove c4d5
readyok
bestmove d1d2
readyok
bestmove b1c3
readyok
bestmove f3d4
readyok
bestmove d4c6
readyok
bestmove e3d2
readyok
bestmove e2g4
readyok
bestmove c3e4
readyok
bestmove a1c1
readyok
bestmove e4c5
readyok
bestmove c6a5
readyok
bestmove d2g5
readyok
bestmove c1c5
readyok
bestmove g5f6
readyok
bestmove h2g3
readyok
bestmove a5b3
readyok
bestmove f1d1
readyok
bestmove g1h1
readyok
bestmove d1d8
readyok
readyok
bestmove e7e5
readyok
bestmove g8f6
readyok
bestmove c7c6
readyok
bestmove d7d5
readyok
bestmove f8d6
readyok
bestmove d5d4
readyok
bestmove c8g4
readyok
bestmove g4f3
readyok
bestmove e8g8
readyok
bestmove b8d7
readyok
bestmove d7c5
readyok
bestmove d4c3
readyok
bestmove d8c7
readyok
bestmove a7a6
readyok
bestmove c5e4
readyok
bestmove d6a3
readyok
bestmove g7g6
readyok
bestmove h7g6
readyok
bestmove f6g4
readyok
bestmove f8d8
readyok
bestmove g8f8
readyok
bestmove f8e8
readyok
bestmove c7a5
readyok
bestmove a5c3
readyok
bestmove a3f8
readyok
bestmove d8d7
readyok
bestmove a8c8
readyok
bestmove c8c7
readyok
bestmove c3c1
readyok
bestmove c1h6
readyok
bestmove h6d6
readyok
bestmove e8d8
readyok
bestmove b7b6
readyok
bestmove d7e7
readyok
bestmove e7e8
readyok
bestmove d6g6
readyok
bestmove f7g6
readyok
bestmove e8f8
readyok
bestmove d8e7
readyok
bestmove a6a5
readyok
bestmove b6b5
readyok
bestmove a5a4
readyok
bestmove f8d8
readyok
bestmove c6d5
readyok
bestmove a4a3
readyok
bestmove d5d4
readyok
bestmove d4d3
readyok
bestmove d3d2
readyok
bestmove d8f8
readyok
bestmove f8b8
readyok
bestmove b8d8
readyok
bestmove d8d4
readyok
bestmove e7f6
readyok
bestmove f6e7
readyok
bestmove e7e8
readyok
bestmove g6g5
readyok
bestmove e8f8
readyok
bestmove f8e8
readyok
bestmove d4e4
readyok
bestmove e4d4
readyok
bestmove d4f4
readyok
bestmove f4d4
readyok
bestmove d4d5
readyok
bestmove e8e7
readyok
bestmove e7d6
readyok
bestmove d6c5
readyok
bestmove c5b5
readyok
bestmove b5c5
readyok
bestmove c5c6
readyok
bestmove c6b6
readyok
bestmove b6a5
readyok
bestmove a5b6
readyok
bestmove b6c6
readyok
bestmove c6b6
readyok
bestmove b6c6
readyok
bestmove c6c5
readyok
bestmove c5b6
readyok
bestmove b6c5
readyok
bestmove c5b4
readyok
bestmove b4c5
readyok
bestmove c5b4
readyok
bestmove b4c3
readyok
bestmove c3d2
readyok
bestmove d2c3
readyok
bestmove c3b3
readyok
bestmove b3c4
readyok
bestmove c4d4
readyok
bestmove d4c5
readyok
